// Jest Snapshot v1, https://goo.gl/fbAQLP

exports[`should  1`] = `
Array [
  Object {
    "earliestDate": Object {},
    "encounterType": "ANC",
    "maxDate": Object {},
    "name": "ANC",
  },
  Object {
    "earliestDate": Object {},
    "encounterType": "PW Home Visit",
    "maxDate": Object {},
    "name": "PW Home Visit",
  },
]
`;
